{
  "hasHealthCare": false,
  "hasScheduledRace": false,
  "canGoOutWithFriend": true,
  "hasShop": false
}