{
  "hasHealthCare": false,
  "hasScheduledRace": false,
  "canGoOutWithFriend": false,
  "hasShop": false
}