{
  "hasHealthCare": false,
  "hasScheduledRace": true,
  "canGoOutWithFriend": false,
  "hasShop": false
}