Training<lv=1 fail=0% sta=7 gut=5 ski=2 ptn=sta@1>