[
  [
    {
      "stadium": "東京",
      "name": "ヴィクトリアマイル",
      "grade": 100,
      "ground": 1,
      "distance": 1600,
      "permission": 4,
      "month": 5,
      "half": 1,
      "entryCount": 18,
      "track": 1,
      "turn": 2,
      "targetStatuses": [
        2,
        4
      ],
      "minFanCount": 10000,
      "fanCounts": [
        10500,
        4200,
        2625,
        1575,
        1050,
        945,
        840,
        735,
        630,
        525,
        420,
        315,
        263,
        210,
        158,
        105,
        105,
        105
      ],
      "gradePoints": [
        100,
        60,
        40,
        20,
        20,
        10,
        10,
        10,
        10,
        10,
        10,
        10,
        10,
        10,
        10,
        10,
        10,
        10
      ],
      "shopCoins": [
        100,
        60,
        60,
        30,
        30,
        0,
        0,
        0,
        0,
        0,
        0,
        0,
        0,
        0,
        0,
        0,
        0,
        0
      ],
      "characters": []
    },
    [
      203,
      600
    ]
  ],
  [
    {
      "stadium": "船橋",
      "name": "かしわ記念",
      "grade": 100,
      "ground": 2,
      "distance": 1600,
      "permission": 4,
      "month": 5,
      "half": 1,
      "entryCount": 14,
      "track": 1,
      "turn": 2,
      "targetStatuses": [],
      "minFanCount": 12000,
      "fanCounts": [
        8000,
        3200,
        2000,
        1200,
        800,
        720,
        640,
        560,
        480,
        400,
        320,
        240,
        200,
        160,
        120,
        80,
        80,
        80
      ],
      "gradePoints": [
        100,
        60,
        40,
        20,
        20,
        10,
        10,
        10,
        10,
        10,
        10,
        10,
        10,
        10,
        10,
        10,
        10,
        10
      ],
      "shopCoins": [
        100,
        60,
        60,
        30,
        30,
        0,
        0,
        0,
        0,
        0,
        0,
        0,
        0,
        0,
        0,
        0,
        0,
        0
      ],
      "characters": []
    },
    [
      203,
      715
    ]
  ]
]